// Jest Snapshot v1, https://goo.gl/fbAQLP

exports[`DataPreviewDialog displays table data 1`] = `
<body>
  <div
    id="headlessui-portal-root"
  >
    <div
      data-headlessui-portal=""
    >
      <button
        aria-hidden="true"
        data-headlessui-focus-guard="true"
        style="position: fixed; top: 1px; left: 1px; width: 1px; height: 0px; padding: 0px; margin: -1px; overflow: hidden; clip: rect(0px, 0px, 0px, 0px); white-space: nowrap; border-width: 0px;"
        type="button"
      />
      <div>
        <div
          aria-modal="true"
          class="fixed inset-0 z-10"
          data-headlessui-state="open"
          id="headlessui-dialog-6fbe024f-2316-4265-a6e8-d65a837e308a"
          role="dialog"
        >
          <div
            aria-hidden="true"
            class="fixed inset-0 bg-gray-800 bg-opacity-50 backdrop-blur-sm transition-opacity"
            data-headlessui-state="open"
            id="headlessui-dialog-overlay-e67862f3-ccbf-4c51-b8ed-ed1d0420ea19"
          />
          <div
            class="h-screen px-4 pt-4 pb-20 text-center sm:block sm:p-0"
          >
            <span
              aria-hidden="true"
              class="hidden sm:inline-block sm:h-screen"
            >
              â€‹
            </span>
            <div
              class="inline-block transform px-2 transition-all sm:my-24 sm:w-full sm:px-4 max-w-6xl"
            >
              <div
                class="overflow-hidden rounded-lg bg-white text-left text-gray-600 shadow-2xl px-4 py-5 sm:p-6"
              >
                <h3
                  class="mb-5 flex items-center justify-between text-2xl font-medium text-gray-900 md:mb-7"
                  data-headlessui-state="open"
                  id="headlessui-dialog-title-6af683b4-52ac-4d60-8c9f-ab447c31177e"
                >
                  Sample data for {{name}}
                </h3>
                <div>
                  <div>
                    <p
                      class="text-gray-600"
                    >
                      The following table gives you a preview of data available in {{name}}
                    </p>
                    <div
                      class="mt-4"
                    >
                      <div
                        class="overflow-x-auto overflow-y-hidden"
                      >
                        <table
                          class="w-full divide-y divide-gray-200 "
                          role="table"
                        >
                          <thead
                            class="bg-gray-50"
                          >
                            <tr
                              class=""
                              role="row"
                            >
                              <th
                                class="px-4 py-3 text-left text-xs font-medium text-gray-500 uppercase tracking-wider whitespace-nowrap"
                                colspan="1"
                                role="columnheader"
                                scope="col"
                              >
                                id
                              </th>
                              <th
                                class="px-4 py-3 text-left text-xs font-medium text-gray-500 uppercase tracking-wider whitespace-nowrap"
                                colspan="1"
                                role="columnheader"
                                scope="col"
                              >
                                region
                              </th>
                              <th
                                class="px-4 py-3 text-left text-xs font-medium text-gray-500 uppercase tracking-wider whitespace-nowrap"
                                colspan="1"
                                role="columnheader"
                                scope="col"
                              >
                                count
                              </th>
                            </tr>
                          </thead>
                          <tbody
                            class="divide-y divide-gray-200"
                            role="rowgroup"
                          >
                            <tr
                              class=""
                              role="row"
                            >
                              <td
                                class="px-4 py-5 text-sm text-gray-500 h-full py-3 font-medium whitespace-nowrap"
                                role="cell"
                              >
                                <div
                                  class="flex max-w-full items-center gap-4"
                                >
                                  <div
                                    class="truncate"
                                  >
                                    <div
                                      class="truncate lg:whitespace-nowrap"
                                      title="f9d1fcfc-6846-4823-8e5a-39b96b9c0a91"
                                    >
                                      f9d1fcfc-6846-4823-8e5a-39b96b9c0a91
                                    </div>
                                  </div>
                                </div>
                              </td>
                              <td
                                class="px-4 py-5 text-sm text-gray-500 h-full py-3 font-medium whitespace-nowrap"
                                role="cell"
                              >
                                <div
                                  class="flex max-w-full items-center gap-4"
                                >
                                  <div
                                    class="truncate"
                                  >
                                    <div
                                      class="truncate lg:whitespace-nowrap"
                                      title="REG1"
                                    >
                                      REG1
                                    </div>
                                  </div>
                                </div>
                              </td>
                              <td
                                class="px-4 py-5 text-sm text-gray-500 h-full py-3 font-medium whitespace-nowrap"
                                role="cell"
                              >
                                <div
                                  class="flex max-w-full items-center gap-4"
                                >
                                  <div
                                    class="truncate"
                                  >
                                    <div
                                      class="truncate lg:whitespace-nowrap"
                                      title="10"
                                    >
                                      10
                                    </div>
                                  </div>
                                </div>
                              </td>
                            </tr>
                            <tr
                              class=""
                              role="row"
                            >
                              <td
                                class="px-4 py-5 text-sm text-gray-500 h-full py-3 font-medium whitespace-nowrap"
                                role="cell"
                              >
                                <div
                                  class="flex max-w-full items-center gap-4"
                                >
                                  <div
                                    class="truncate"
                                  >
                                    <div
                                      class="truncate lg:whitespace-nowrap"
                                      title="3f654d6f-b95a-4796-93df-1756a1065f5b"
                                    >
                                      3f654d6f-b95a-4796-93df-1756a1065f5b
                                    </div>
                                  </div>
                                </div>
                              </td>
                              <td
                                class="px-4 py-5 text-sm text-gray-500 h-full py-3 font-medium whitespace-nowrap"
                                role="cell"
                              >
                                <div
                                  class="flex max-w-full items-center gap-4"
                                >
                                  <div
                                    class="truncate"
                                  >
                                    <div
                                      class="truncate lg:whitespace-nowrap"
                                      title="REG2"
                                    >
                                      REG2
                                    </div>
                                  </div>
                                </div>
                              </td>
                              <td
                                class="px-4 py-5 text-sm text-gray-500 h-full py-3 font-medium whitespace-nowrap"
                                role="cell"
                              >
                                <div
                                  class="flex max-w-full items-center gap-4"
                                >
                                  <div
                                    class="truncate"
                                  >
                                    <div
                                      class="truncate lg:whitespace-nowrap"
                                      title="13"
                                    >
                                      13
                                    </div>
                                  </div>
                                </div>
                              </td>
                            </tr>
                            <tr
                              class=""
                              role="row"
                            >
                              <td
                                class="px-4 py-5 text-sm text-gray-500 h-full py-3 font-medium whitespace-nowrap"
                                role="cell"
                              >
                                <div
                                  class="flex max-w-full items-center gap-4"
                                >
                                  <div
                                    class="truncate"
                                  >
                                    <div
                                      class="truncate lg:whitespace-nowrap"
                                      title="701a61ae-23c9-4edd-9920-31aba81a0785"
                                    >
                                      701a61ae-23c9-4edd-9920-31aba81a0785
                                    </div>
                                  </div>
                                </div>
                              </td>
                              <td
                                class="px-4 py-5 text-sm text-gray-500 h-full py-3 font-medium whitespace-nowrap"
                                role="cell"
                              >
                                <div
                                  class="flex max-w-full items-center gap-4"
                                >
                                  <div
                                    class="truncate"
                                  >
                                    <div
                                      class="truncate lg:whitespace-nowrap"
                                      title="REG3"
                                    >
                                      REG3
                                    </div>
                                  </div>
                                </div>
                              </td>
                              <td
                                class="px-4 py-5 text-sm text-gray-500 h-full py-3 font-medium whitespace-nowrap"
                                role="cell"
                              >
                                <div
                                  class="flex max-w-full items-center gap-4"
                                >
                                  <div
                                    class="truncate"
                                  >
                                    <div
                                      class="truncate lg:whitespace-nowrap"
                                      title="0"
                                    >
                                      -
                                    </div>
                                  </div>
                                </div>
                              </td>
                            </tr>
                            <tr
                              class=""
                              role="row"
                            >
                              <td
                                class="px-4 py-5 text-sm text-gray-500 h-full py-3 font-medium whitespace-nowrap"
                                role="cell"
                              >
                                <div
                                  class="flex max-w-full items-center gap-4"
                                >
                                  <div
                                    class="truncate"
                                  >
                                    <div
                                      class="truncate lg:whitespace-nowrap"
                                      title="3ccbf1bf-7cc0-4cb9-9d31-16b1b3afb1dc"
                                    >
                                      3ccbf1bf-7cc0-4cb9-9d31-16b1b3afb1dc
                                    </div>
                                  </div>
                                </div>
                              </td>
                              <td
                                class="px-4 py-5 text-sm text-gray-500 h-full py-3 font-medium whitespace-nowrap"
                                role="cell"
                              >
                                <div
                                  class="flex max-w-full items-center gap-4"
                                >
                                  <div
                                    class="truncate"
                                  >
                                    <div
                                      class="truncate lg:whitespace-nowrap"
                                      title="REG4"
                                    >
                                      REG4
                                    </div>
                                  </div>
                                </div>
                              </td>
                              <td
                                class="px-4 py-5 text-sm text-gray-500 h-full py-3 font-medium whitespace-nowrap"
                                role="cell"
                              >
                                <div
                                  class="flex max-w-full items-center gap-4"
                                >
                                  <div
                                    class="truncate"
                                  >
                                    <div
                                      class="truncate lg:whitespace-nowrap"
                                      title="34"
                                    >
                                      34
                                    </div>
                                  </div>
                                </div>
                              </td>
                            </tr>
                          </tbody>
                        </table>
                      </div>
                    </div>
                  </div>
                </div>
                <div
                  class="mt-5 flex justify-end sm:gap-3 md:mt-7"
                >
                  <button
                    class="relative rounded h-fit
    focus:outline-none focus:ring-2 focus:ring-offset-2
    inline-flex items-center justify-center transition-all
    border font-medium
    disabled:opacity-50 disabled:cursor-not-allowed
   text-sm px-3 py-2.5 leading-4 shadow-sm border-transparent text-white bg-blue-600 hover:bg-blue-700 focus:ring-blue-500"
                    tabindex="0"
                  >
                    Close
                  </button>
                </div>
              </div>
            </div>
          </div>
        </div>
      </div>
      <button
        aria-hidden="true"
        data-headlessui-focus-guard="true"
        style="position: fixed; top: 1px; left: 1px; width: 1px; height: 0px; padding: 0px; margin: -1px; overflow: hidden; clip: rect(0px, 0px, 0px, 0px); white-space: nowrap; border-width: 0px;"
        type="button"
      />
    </div>
  </div>
  <div
    style="position: fixed; top: 1px; left: 1px; width: 1px; height: 0px; padding: 0px; margin: -1px; overflow: hidden; clip: rect(0px, 0px, 0px, 0px); white-space: nowrap; border-width: 0px; display: none;"
  />
</body>
`;

exports[`DataPreviewDialog is displayed when open is true 1`] = `
<div>
  <div
    style="position: fixed; top: 1px; left: 1px; width: 1px; height: 0px; padding: 0px; margin: -1px; overflow: hidden; clip: rect(0px, 0px, 0px, 0px); white-space: nowrap; border-width: 0px; display: none;"
  />
</div>
`;

exports[`DataPreviewDialog is not displayed  1`] = `<div />`;
