// Jest Snapshot v1, https://goo.gl/fbAQLP

exports[`VisualizationPicture renders properly 1`] = `
<div>
  <div
    class="flex h-10 w-10 flex-shrink-0 items-center text-gray-400"
  >
    <img
      alt=""
      class="h-10 w-10 rounded-full"
      src="Test"
    />
  </div>
</div>
`;
